// Jest Snapshot v1, https://goo.gl/fbAQLP

exports[`index works 1`] = `
Object {
  "deploy": Object {
    "production": Object {
      "host": Array [
        "sebastianlandwehr.com",
      ],
      "path": "/var/www/foo",
      "post-deploy": "source ~/.nvm/nvm.sh && yarn --frozen-lockfile && yarn prepublishOnly",
      "ref": "origin/master",
      "repo": "git@github.com:dword-design/foo.git",
      "user": "root",
    },
  },
}
`;
